\BOOKMARK [0][-]{chapter*.1}{\376\377\000A\000g\000r\000a\000d\000e\000c\000i\000m\000i\000e\000n\000t\000o\000s}{}% 1
\BOOKMARK [0][-]{chapter*.2}{\376\377\000R\000e\000s\000u\000m\000e\000n}{}% 2
\BOOKMARK [0][-]{chapter*.3}{\376\377\000A\000b\000s\000t\000r\000a\000c\000t}{}% 3
\BOOKMARK [-1][-]{part.1}{\376\377\000I\000\040\000I\000n\000t\000r\000o\000d\000u\000c\000c\000i\000\363\000n\000\040\000y\000\040\000C\000o\000n\000c\000e\000p\000t\000o\000s}{}% 4
\BOOKMARK [0][-]{chapter.1}{\376\377\000I\000n\000t\000r\000o\000d\000u\000c\000c\000i\000\363\000n}{part.1}% 5
\BOOKMARK [1][-]{section.1.1}{\376\377\000C\000o\000n\000t\000e\000x\000t\000o}{chapter.1}% 6
\BOOKMARK [1][-]{section.1.2}{\376\377\000M\000o\000t\000i\000v\000a\000c\000i\000\363\000n}{chapter.1}% 7
\BOOKMARK [1][-]{section.1.3}{\376\377\000O\000b\000j\000e\000t\000i\000v\000o\000s}{chapter.1}% 8
\BOOKMARK [2][-]{subsection.1.3.1}{\376\377\000O\000b\000j\000e\000t\000i\000v\000o\000\040\000g\000e\000n\000e\000r\000a\000l}{section.1.3}% 9
\BOOKMARK [2][-]{subsection.1.3.2}{\376\377\000O\000b\000j\000e\000t\000i\000v\000o\000s\000\040\000t\000\351\000c\000n\000i\000c\000o\000s}{section.1.3}% 10
\BOOKMARK [2][-]{subsection.1.3.3}{\376\377\000O\000b\000j\000e\000t\000i\000v\000o\000s\000\040\000a\000c\000a\000d\000\351\000m\000i\000c\000o\000s\000\040\000y\000\040\000p\000e\000r\000s\000o\000n\000a\000l\000e\000s}{section.1.3}% 11
\BOOKMARK [1][-]{section.1.4}{\376\377\000S\000o\000l\000u\000c\000i\000o\000n\000e\000s\000\040\000e\000x\000i\000s\000t\000e\000n\000t\000e\000s}{chapter.1}% 12
\BOOKMARK [2][-]{subsection.1.4.1}{\376\377\000A\000s\000i\000s\000t\000e\000n\000t\000e\000s\000\040\000e\000n\000\040\000u\000n\000i\000v\000e\000r\000s\000i\000d\000a\000d\000e\000s\000\040\000e\000s\000p\000a\000\361\000o\000l\000a\000s}{section.1.4}% 13
\BOOKMARK [2][-]{subsection.1.4.2}{\376\377\000P\000l\000a\000t\000a\000f\000o\000r\000m\000a\000s\000\040\000i\000n\000t\000e\000r\000n\000a\000c\000i\000o\000n\000a\000l\000e\000s}{section.1.4}% 14
\BOOKMARK [2][-]{subsection.1.4.3}{\376\377\000T\000r\000a\000b\000a\000j\000o\000s\000\040\000a\000c\000a\000d\000\351\000m\000i\000c\000o\000s\000\040\000c\000o\000m\000p\000a\000r\000a\000b\000l\000e\000s}{section.1.4}% 15
\BOOKMARK [2][-]{subsection.1.4.4}{\376\377\000C\000o\000m\000p\000a\000r\000a\000t\000i\000v\000a\000\040\000y\000\040\000d\000i\000f\000e\000r\000e\000n\000c\000i\000a\000c\000i\000\363\000n}{section.1.4}% 16
\BOOKMARK [1][-]{section.1.5}{\376\377\000C\000o\000n\000t\000r\000i\000b\000u\000c\000i\000\363\000n\000\040\000d\000e\000\040\000e\000s\000t\000e\000\040\000t\000r\000a\000b\000a\000j\000o}{chapter.1}% 17
\BOOKMARK [1][-]{section.1.6}{\376\377\000E\000s\000t\000r\000u\000c\000t\000u\000r\000a\000\040\000d\000e\000\040\000l\000a\000\040\000m\000e\000m\000o\000r\000i\000a}{chapter.1}% 18
\BOOKMARK [0][-]{chapter.2}{\376\377\000P\000r\000e\000p\000a\000r\000a\000c\000i\000\363\000n\000\040\000d\000e\000l\000\040\000p\000r\000o\000y\000e\000c\000t\000o}{part.1}% 19
\BOOKMARK [1][-]{section.2.1}{\376\377\000E\000s\000t\000u\000d\000i\000o\000\040\000d\000e\000\040\000l\000a\000s\000\040\000t\000e\000c\000n\000o\000l\000o\000g\000\355\000a\000s\000\040\000y\000\040\000t\000o\000m\000a\000\040\000d\000e\000\040\000d\000e\000c\000i\000s\000i\000o\000n\000e\000s}{chapter.2}% 20
\BOOKMARK [2][-]{subsection.2.1.1}{\376\377\000D\000e\000c\000i\000s\000i\000\363\000n\000\040\000d\000e\000\040\000f\000r\000a\000m\000e\000w\000o\000r\000k\000s\000\040\000c\000o\000n\000v\000e\000r\000s\000a\000c\000i\000o\000n\000a\000l\000e\000s}{section.2.1}% 21
\BOOKMARK [2][-]{subsection.2.1.2}{\376\377\000D\000e\000c\000i\000s\000i\000\363\000n\000\040\000d\000e\000\040\000b\000a\000s\000e\000\040\000d\000e\000\040\000d\000a\000t\000o\000s}{section.2.1}% 22
\BOOKMARK [2][-]{subsection.2.1.3}{\376\377\000D\000e\000c\000i\000s\000i\000\363\000n\000\040\000d\000e\000\040\000A\000P\000I\000\040\000d\000e\000\040\000L\000L\000M}{section.2.1}% 23
\BOOKMARK [1][-]{section.2.2}{\376\377\000I\000n\000f\000r\000a\000e\000s\000t\000r\000u\000c\000t\000u\000r\000a\000\040\000d\000e\000l\000\040\000s\000i\000s\000t\000e\000m\000a}{chapter.2}% 24
\BOOKMARK [2][-]{subsection.2.2.1}{\376\377\000A\000r\000q\000u\000i\000t\000e\000c\000t\000u\000r\000a\000\040\000d\000e\000l\000\040\000s\000i\000s\000t\000e\000m\000a}{section.2.2}% 25
\BOOKMARK [2][-]{subsection.2.2.2}{\376\377\000C\000o\000m\000p\000o\000n\000e\000n\000t\000e\000s\000\040\000t\000e\000c\000n\000o\000l\000\363\000g\000i\000c\000o\000s\000\040\000d\000e\000l\000\040\000s\000i\000s\000t\000e\000m\000a}{section.2.2}% 26
\BOOKMARK [1][-]{section.2.3}{\376\377\000C\000a\000s\000o\000s\000\040\000d\000e\000\040\000u\000s\000o\000\040\000p\000r\000i\000n\000c\000i\000p\000a\000l\000e\000s}{chapter.2}% 27
\BOOKMARK [2][-]{subsection.2.3.1}{\376\377\000G\000e\000s\000t\000i\000\363\000n\000\040\000d\000e\000l\000\040\000c\000o\000n\000t\000e\000x\000t\000o\000\040\000a\000c\000a\000d\000\351\000m\000i\000c\000o}{section.2.3}% 28
\BOOKMARK [2][-]{subsection.2.3.2}{\376\377\000C\000o\000n\000s\000u\000l\000t\000a\000\040\000s\000o\000b\000r\000e\000\040\000i\000n\000f\000o\000r\000m\000a\000c\000i\000\363\000n\000\040\000d\000e\000\040\000a\000s\000i\000g\000n\000a\000t\000u\000r\000a\000s}{section.2.3}% 29
\BOOKMARK [2][-]{subsection.2.3.3}{\376\377\000C\000o\000n\000s\000u\000l\000t\000a\000\040\000s\000o\000b\000r\000e\000\040\000h\000o\000r\000a\000r\000i\000o\000s}{section.2.3}% 30
\BOOKMARK [2][-]{subsection.2.3.4}{\376\377\000C\000o\000n\000s\000u\000l\000t\000a\000\040\000s\000o\000b\000r\000e\000\040\000d\000a\000t\000o\000s\000\040\000d\000e\000\040\000c\000o\000n\000t\000a\000c\000t\000o\000\040\000d\000e\000l\000\040\000p\000r\000o\000f\000e\000s\000o\000r\000a\000d\000o}{section.2.3}% 31
\BOOKMARK [2][-]{subsection.2.3.5}{\376\377\000D\000i\000a\000g\000r\000a\000m\000a\000\040\000d\000e\000\040\000c\000a\000s\000o\000s\000\040\000d\000e\000\040\000u\000s\000o}{section.2.3}% 32
\BOOKMARK [0][-]{chapter.3}{\376\377\000C\000o\000n\000c\000e\000p\000t\000o\000s\000\040\000i\000n\000i\000c\000i\000a\000l\000e\000s}{part.1}% 33
\BOOKMARK [1][-]{section.3.1}{\376\377\000S\000i\000s\000t\000e\000m\000a\000\040\000c\000o\000n\000v\000e\000r\000s\000a\000c\000i\000o\000n\000a\000l}{chapter.3}% 34
\BOOKMARK [1][-]{section.3.2}{\376\377\000C\000o\000m\000p\000o\000n\000e\000n\000t\000e\000s\000\040\000d\000e\000l\000\040\000s\000i\000s\000t\000e\000m\000a\000\040\000c\000o\000n\000v\000e\000r\000s\000a\000c\000i\000o\000n\000a\000l\000\040\000c\000o\000n\000\040\000R\000a\000s\000a}{chapter.3}% 35
\BOOKMARK [2][-]{subsection.3.2.1}{\376\377\000C\000o\000m\000p\000r\000e\000n\000s\000i\000\363\000n\000\040\000d\000e\000l\000\040\000l\000e\000n\000g\000u\000a\000j\000e\000\040\000n\000a\000t\000u\000r\000a\000l\000\040\000\050\000N\000L\000U\000\051}{section.3.2}% 36
\BOOKMARK [2][-]{subsection.3.2.2}{\376\377\000G\000e\000s\000t\000i\000\363\000n\000\040\000d\000e\000l\000\040\000d\000i\000\341\000l\000o\000g\000o}{section.3.2}% 37
\BOOKMARK [2][-]{subsection.3.2.3}{\376\377\000M\000e\000c\000a\000n\000i\000s\000m\000o\000s\000\040\000d\000e\000\040\000r\000e\000s\000p\000u\000e\000s\000t\000a\000:\000\040\000a\000c\000t\000i\000o\000n\000s}{section.3.2}% 38
\BOOKMARK [2][-]{subsection.3.2.4}{\376\377\000F\000o\000r\000m\000u\000l\000a\000r\000i\000o\000s}{section.3.2}% 39
\BOOKMARK [2][-]{subsection.3.2.5}{\376\377\000F\000a\000l\000l\000b\000a\000c\000k}{section.3.2}% 40
\BOOKMARK [1][-]{section.3.3}{\376\377\000A\000r\000c\000h\000i\000v\000o\000s\000\040\000d\000e\000\040\000c\000o\000n\000f\000i\000g\000u\000r\000a\000c\000i\000\363\000n\000\040\000d\000e\000\040\000R\000a\000s\000a}{chapter.3}% 41
\BOOKMARK [1][-]{section.3.4}{\376\377\000F\000l\000u\000j\000o\000\040\000d\000e\000\040\000p\000r\000o\000c\000e\000s\000a\000m\000i\000e\000n\000t\000o\000\040\000d\000e\000\040\000u\000n\000\040\000m\000e\000n\000s\000a\000j\000e}{chapter.3}% 42
\BOOKMARK [1][-]{section.3.5}{\376\377\000G\000e\000n\000e\000r\000a\000c\000i\000\363\000n\000\040\000a\000u\000m\000e\000n\000t\000a\000d\000a\000\040\000p\000o\000r\000\040\000r\000e\000c\000u\000p\000e\000r\000a\000c\000i\000\363\000n\000\040\000\050\000R\000A\000G\000\051}{chapter.3}% 43
\BOOKMARK [1][-]{section.3.6}{\376\377\000B\000a\000c\000k\000e\000n\000d\000\040\000y\000\040\000p\000e\000r\000s\000i\000s\000t\000e\000n\000c\000i\000a\000\040\000d\000e\000\040\000d\000a\000t\000o\000s}{chapter.3}% 44
\BOOKMARK [2][-]{subsection.3.6.1}{\376\377\000S\000u\000p\000a\000b\000a\000s\000e\000\040\000y\000\040\000P\000o\000s\000t\000g\000r\000e\000S\000Q\000L}{section.3.6}% 45
\BOOKMARK [2][-]{subsection.3.6.2}{\376\377\000p\000g\000v\000e\000c\000t\000o\000r}{section.3.6}% 46
\BOOKMARK [2][-]{subsection.3.6.3}{\376\377\000E\000m\000b\000e\000d\000d\000i\000n\000g\000s}{section.3.6}% 47
\BOOKMARK [-1][-]{part.2}{\376\377\000I\000I\000\040\000M\000e\000t\000o\000d\000o\000l\000o\000g\000\355\000a\000\040\000y\000\040\000P\000l\000a\000n\000i\000f\000i\000c\000a\000c\000i\000\363\000n}{}% 48
\BOOKMARK [0][-]{chapter.4}{\376\377\000M\000e\000t\000o\000d\000o\000l\000o\000g\000\355\000a}{part.2}% 49
\BOOKMARK [1][-]{section.4.1}{\376\377\000M\000e\000t\000o\000d\000o\000l\000o\000g\000\355\000a\000\040\000d\000e\000\040\000d\000e\000s\000a\000r\000r\000o\000l\000l\000o\000:\000\040\000S\000c\000r\000u\000m\000\040\000a\000d\000a\000p\000t\000a\000d\000o}{chapter.4}% 50
\BOOKMARK [2][-]{subsection.4.1.1}{\376\377\000S\000c\000r\000u\000m\000:\000\040\000f\000u\000n\000d\000a\000m\000e\000n\000t\000o\000s}{section.4.1}% 51
\BOOKMARK [2][-]{subsection.4.1.2}{\376\377\000A\000d\000a\000p\000t\000a\000c\000i\000\363\000n\000\040\000a\000l\000\040\000p\000r\000o\000y\000e\000c\000t\000o\000\040\000i\000n\000d\000i\000v\000i\000d\000u\000a\000l}{section.4.1}% 52
\BOOKMARK [2][-]{subsection.4.1.3}{\376\377\000S\000p\000r\000i\000n\000t\000s\000,\000\040\000n\000\372\000m\000e\000r\000o\000\040\000y\000\040\000d\000u\000r\000a\000c\000i\000\363\000n}{section.4.1}% 53
\BOOKMARK [1][-]{section.4.2}{\376\377\000G\000e\000s\000t\000i\000\363\000n\000\040\000d\000e\000l\000\040\000c\000\363\000d\000i\000g\000o\000\040\000f\000u\000e\000n\000t\000e}{chapter.4}% 54
\BOOKMARK [2][-]{subsection.4.2.1}{\376\377\000P\000o\000l\000\355\000t\000i\000c\000a\000\040\000d\000e\000\040\000r\000a\000m\000a\000s}{section.4.2}% 55
\BOOKMARK [2][-]{subsection.4.2.2}{\376\377\000C\000o\000n\000v\000e\000n\000c\000i\000o\000n\000e\000s\000\040\000d\000e\000\040\000c\000o\000m\000m\000i\000t\000s}{section.4.2}% 56
\BOOKMARK [1][-]{section.4.3}{\376\377\000E\000s\000t\000\341\000n\000d\000a\000r\000e\000s\000\040\000d\000e\000\040\000c\000o\000d\000i\000f\000i\000c\000a\000c\000i\000\363\000n}{chapter.4}% 57
\BOOKMARK [1][-]{section.4.4}{\376\377\000P\000o\000l\000\355\000t\000i\000c\000a\000\040\000d\000e\000\040\000d\000e\000l\000e\000g\000a\000c\000i\000\363\000n\000\040\000a\000l\000\040\000m\000o\000d\000e\000l\000o\000\040\000d\000e\000\040\000l\000e\000n\000g\000u\000a\000j\000e}{chapter.4}% 58
\BOOKMARK [2][-]{subsection.4.4.1}{\376\377\000C\000r\000i\000t\000e\000r\000i\000o\000:\000\040\000h\000e\000u\000r\000\355\000s\000t\000i\000c\000a\000s\000\040\000b\000a\000r\000a\000t\000a\000s\000\040\000p\000r\000i\000m\000e\000r\000o\000,\000\040\000L\000L\000M\000\040\000c\000u\000a\000n\000d\000o\000\040\000a\000p\000o\000r\000t\000a}{section.4.4}% 59
\BOOKMARK [2][-]{subsection.4.4.2}{\376\377\000A\000p\000l\000i\000c\000a\000c\000i\000\363\000n\000\040\000e\000n\000\040\000e\000l\000\040\000s\000i\000s\000t\000e\000m\000a}{section.4.4}% 60
\BOOKMARK [2][-]{subsection.4.4.3}{\376\377\000L\000i\000m\000i\000t\000a\000c\000i\000o\000n\000e\000s\000\040\000c\000o\000n\000o\000c\000i\000d\000a\000s}{section.4.4}% 61
\BOOKMARK [1][-]{section.4.5}{\376\377\000G\000e\000s\000t\000i\000\363\000n\000\040\000d\000e\000l\000\040\000t\000r\000a\000b\000a\000j\000o}{chapter.4}% 62
\BOOKMARK [1][-]{section.4.6}{\376\377\000V\000e\000r\000s\000i\000o\000n\000a\000d\000o\000\040\000d\000e\000l\000\040\000s\000i\000s\000t\000e\000m\000a}{chapter.4}% 63
\BOOKMARK [0][-]{chapter.5}{\376\377\000P\000l\000a\000n\000i\000f\000i\000c\000a\000c\000i\000\363\000n}{part.2}% 64
\BOOKMARK [1][-]{section.5.1}{\376\377\000E\000s\000t\000r\000u\000c\000t\000u\000r\000a\000\040\000d\000e\000\040\000D\000e\000s\000c\000o\000m\000p\000o\000s\000i\000c\000i\000\363\000n\000\040\000d\000e\000l\000\040\000T\000r\000a\000b\000a\000j\000o\000\040\000\050\000E\000D\000T\000\051}{chapter.5}% 65
\BOOKMARK [1][-]{section.5.2}{\376\377\000D\000i\000c\000c\000i\000o\000n\000a\000r\000i\000o\000\040\000E\000D\000T}{chapter.5}% 66
\BOOKMARK [2][-]{subsection.5.2.1}{\376\377\000F\000a\000s\000e\000\040\0001\000:\000I\000n\000i\000c\000i\000o}{section.5.2}% 67
\BOOKMARK [2][-]{subsection.5.2.2}{\376\377\000F\000a\000s\000e\000\040\0002\000:\000D\000e\000s\000a\000r\000r\000o\000l\000l\000o}{section.5.2}% 68
\BOOKMARK [2][-]{subsection.5.2.3}{\376\377\000F\000a\000s\000e\000\040\0003\000:\000C\000i\000e\000r\000r\000e}{section.5.2}% 69
\BOOKMARK [1][-]{section.5.3}{\376\377\000R\000e\000s\000u\000m\000e\000n\000\040\000c\000u\000a\000n\000t\000i\000t\000a\000t\000i\000v\000o\000\040\000d\000e\000\040\000l\000a\000\040\000E\000D\000T}{chapter.5}% 70
\BOOKMARK [1][-]{section.5.4}{\376\377\000B\000a\000c\000k\000l\000o\000g\000\040\000d\000e\000l\000\040\000p\000r\000o\000d\000u\000c\000t\000o}{chapter.5}% 71
\BOOKMARK [1][-]{section.5.5}{\376\377\000P\000l\000a\000n\000i\000f\000i\000c\000a\000c\000i\000\363\000n\000\040\000t\000e\000m\000p\000o\000r\000a\000l}{chapter.5}% 72
\BOOKMARK [2][-]{subsection.5.5.1}{\376\377\000E\000s\000t\000i\000m\000a\000c\000i\000\363\000n\000\040\000i\000n\000i\000c\000i\000a\000l\000\040\000p\000o\000r\000\040\000f\000a\000s\000e}{section.5.5}% 73
\BOOKMARK [2][-]{subsection.5.5.2}{\376\377\000P\000l\000a\000n\000i\000f\000i\000c\000a\000c\000i\000\363\000n\000\040\000d\000e\000\040\000s\000p\000r\000i\000n\000t\000s}{section.5.5}% 74
\BOOKMARK [2][-]{subsection.5.5.3}{\376\377\000C\000r\000o\000n\000o\000g\000r\000a\000m\000a\000\040\000e\000\040\000h\000i\000t\000o\000s}{section.5.5}% 75
\BOOKMARK [1][-]{section.5.6}{\376\377\000P\000l\000a\000n\000i\000f\000i\000c\000a\000c\000i\000\363\000n\000\040\000d\000e\000\040\000c\000o\000s\000t\000e\000s}{chapter.5}% 76
\BOOKMARK [2][-]{subsection.5.6.1}{\376\377\000C\000o\000s\000t\000e\000s\000\040\000d\000e\000\040\000p\000e\000r\000s\000o\000n\000a\000l}{section.5.6}% 77
\BOOKMARK [2][-]{subsection.5.6.2}{\376\377\000C\000o\000s\000t\000e\000s\000\040\000d\000e\000\040\000m\000a\000t\000e\000r\000i\000a\000l\000\040\000e\000\040\000i\000n\000f\000r\000a\000e\000s\000t\000r\000u\000c\000t\000u\000r\000a}{section.5.6}% 78
\BOOKMARK [2][-]{subsection.5.6.3}{\376\377\000R\000e\000s\000u\000m\000e\000n\000\040\000d\000e\000\040\000c\000o\000s\000t\000e\000s\000\040\000y\000\040\000c\000o\000n\000t\000i\000n\000g\000e\000n\000c\000i\000a\000s}{section.5.6}% 79
\BOOKMARK [1][-]{section.5.7}{\376\377\000A\000n\000\341\000l\000i\000s\000i\000s\000\040\000d\000e\000\040\000d\000e\000s\000v\000i\000a\000c\000i\000o\000n\000e\000s}{chapter.5}% 80
\BOOKMARK [2][-]{subsection.5.7.1}{\376\377\000D\000e\000s\000v\000i\000a\000c\000i\000\363\000n\000\040\000t\000e\000m\000p\000o\000r\000a\000l}{section.5.7}% 81
\BOOKMARK [2][-]{subsection.5.7.2}{\376\377\000D\000e\000s\000v\000i\000a\000c\000i\000\363\000n\000\040\000e\000n\000\040\000c\000o\000s\000t\000e\000s}{section.5.7}% 82
\BOOKMARK [2][-]{subsection.5.7.3}{\376\377\000L\000e\000c\000c\000i\000o\000n\000e\000s\000\040\000a\000p\000r\000e\000n\000d\000i\000d\000a\000s}{section.5.7}% 83
\BOOKMARK [-1][-]{part.3}{\376\377\000I\000I\000I\000\040\000A\000n\000\341\000l\000i\000s\000i\000s\000,\000\040\000D\000i\000s\000e\000\361\000o\000\040\000e\000\040\000I\000m\000p\000l\000e\000m\000e\000n\000t\000a\000c\000i\000\363\000n}{}% 84
\BOOKMARK [0][-]{chapter.6}{\376\377\000A\000n\000\341\000l\000i\000s\000i\000s\000\040\000d\000e\000\040\000r\000e\000q\000u\000i\000s\000i\000t\000o\000s}{part.3}% 85
\BOOKMARK [1][-]{section.6.1}{\376\377\000I\000d\000e\000n\000t\000i\000f\000i\000c\000a\000c\000i\000\363\000n\000\040\000d\000e\000\040\000a\000c\000t\000o\000r\000e\000s}{chapter.6}% 86
\BOOKMARK [1][-]{section.6.2}{\376\377\000R\000e\000q\000u\000i\000s\000i\000t\000o\000s\000\040\000f\000u\000n\000c\000i\000o\000n\000a\000l\000e\000s}{chapter.6}% 87
\BOOKMARK [2][-]{subsection.6.2.1}{\376\377\000D\000o\000m\000i\000n\000i\000o\000\040\000d\000e\000\040\000a\000s\000i\000g\000n\000a\000t\000u\000r\000a\000s}{section.6.2}% 88
\BOOKMARK [2][-]{subsection.6.2.2}{\376\377\000D\000o\000m\000i\000n\000i\000o\000\040\000d\000e\000\040\000h\000o\000r\000a\000r\000i\000o\000s}{section.6.2}% 89
\BOOKMARK [2][-]{subsection.6.2.3}{\376\377\000D\000o\000m\000i\000n\000i\000o\000\040\000d\000e\000\040\000p\000r\000o\000f\000e\000s\000o\000r\000a\000d\000o}{section.6.2}% 90
\BOOKMARK [2][-]{subsection.6.2.4}{\376\377\000C\000o\000m\000p\000o\000r\000t\000a\000m\000i\000e\000n\000t\000o\000s\000\040\000t\000r\000a\000n\000s\000v\000e\000r\000s\000a\000l\000e\000s}{section.6.2}% 91
\BOOKMARK [2][-]{subsection.6.2.5}{\376\377\000F\000u\000n\000c\000i\000o\000n\000a\000l\000i\000d\000a\000d\000e\000s\000\040\000d\000e\000l\000\040\000p\000a\000n\000e\000l\000\040\000d\000e\000\040\000a\000d\000m\000i\000n\000i\000s\000t\000r\000a\000c\000i\000\363\000n}{section.6.2}% 92
\BOOKMARK [1][-]{section.6.3}{\376\377\000C\000r\000i\000t\000e\000r\000i\000o\000s\000\040\000d\000e\000\040\000a\000c\000e\000p\000t\000a\000c\000i\000\363\000n}{chapter.6}% 93
\BOOKMARK [1][-]{section.6.4}{\376\377\000R\000e\000q\000u\000i\000s\000i\000t\000o\000s\000\040\000d\000e\000\040\000i\000n\000f\000o\000r\000m\000a\000c\000i\000\363\000n}{chapter.6}% 94
\BOOKMARK [2][-]{subsection.6.4.1}{\376\377\000E\000n\000t\000i\000d\000a\000d\000e\000s\000\040\000d\000e\000\040\000d\000o\000m\000i\000n\000i\000o}{section.6.4}% 95
\BOOKMARK [2][-]{subsection.6.4.2}{\376\377\000E\000n\000t\000i\000d\000a\000d\000e\000s\000\040\000d\000e\000l\000\040\000m\000\363\000d\000u\000l\000o\000\040\000R\000A\000G}{section.6.4}% 96
\BOOKMARK [2][-]{subsection.6.4.3}{\376\377\000E\000n\000t\000i\000d\000a\000d\000e\000s\000\040\000d\000e\000\040\000o\000p\000e\000r\000a\000c\000i\000\363\000n}{section.6.4}% 97
\BOOKMARK [2][-]{subsection.6.4.4}{\376\377\000M\000o\000d\000e\000l\000o\000\040\000c\000o\000n\000c\000e\000p\000t\000u\000a\000l}{section.6.4}% 98
\BOOKMARK [1][-]{section.6.5}{\376\377\000R\000e\000q\000u\000i\000s\000i\000t\000o\000s\000\040\000n\000o\000\040\000f\000u\000n\000c\000i\000o\000n\000a\000l\000e\000s}{chapter.6}% 99
\BOOKMARK [1][-]{section.6.6}{\376\377\000R\000e\000s\000t\000r\000i\000c\000c\000i\000o\000n\000e\000s\000,\000\040\000s\000u\000p\000o\000s\000i\000c\000i\000o\000n\000e\000s\000\040\000y\000\040\000d\000e\000p\000e\000n\000d\000e\000n\000c\000i\000a\000s\000\040\000e\000x\000t\000e\000r\000n\000a\000s}{chapter.6}% 100
\BOOKMARK [1][-]{section.6.7}{\376\377\000P\000r\000o\000t\000o\000t\000i\000p\000o\000s\000\040\000d\000e\000\040\000i\000n\000t\000e\000r\000f\000a\000z}{chapter.6}% 101
\BOOKMARK [1][-]{section.6.8}{\376\377\000M\000a\000t\000r\000i\000c\000e\000s\000\040\000d\000e\000\040\000t\000r\000a\000z\000a\000b\000i\000l\000i\000d\000a\000d}{chapter.6}% 102
\BOOKMARK [2][-]{subsection.6.8.1}{\376\377\000O\000b\000j\000e\000t\000i\000v\000o\000s\000\040\000t\000\351\000c\000n\000i\000c\000o\000s\000\040\040\023\000\040\000R\000e\000q\000u\000i\000s\000i\000t\000o\000s\000\040\000f\000u\000n\000c\000i\000o\000n\000a\000l\000e\000s}{section.6.8}% 103
\BOOKMARK [2][-]{subsection.6.8.2}{\376\377\000R\000e\000q\000u\000i\000s\000i\000t\000o\000s\000\040\000f\000u\000n\000c\000i\000o\000n\000a\000l\000e\000s\000\040\040\023\000\040\000C\000a\000s\000o\000s\000\040\000d\000e\000\040\000p\000r\000u\000e\000b\000a}{section.6.8}% 104
\BOOKMARK [1][-]{section.6.9}{\376\377\000E\000v\000o\000l\000u\000c\000i\000\363\000n\000\040\000d\000e\000l\000\040\000a\000l\000c\000a\000n\000c\000e\000\040\000r\000e\000s\000p\000e\000c\000t\000o\000\040\000a\000\040\000l\000a\000\040\000p\000r\000o\000p\000u\000e\000s\000t\000a\000\040\000i\000n\000i\000c\000i\000a\000l}{chapter.6}% 105
\BOOKMARK [0][-]{chapter.7}{\376\377\000A\000r\000q\000u\000i\000t\000e\000c\000t\000u\000r\000a\000\040\000d\000e\000l\000\040\000s\000i\000s\000t\000e\000m\000a\000\040\000y\000\040\000d\000e\000c\000i\000s\000i\000o\000n\000e\000s\000\040\000d\000e\000\040\000d\000i\000s\000e\000\361\000o}{part.3}% 106
\BOOKMARK [1][-]{section.7.1}{\376\377\000A\000r\000q\000u\000i\000t\000e\000c\000t\000u\000r\000a\000\040\000g\000e\000n\000e\000r\000a\000l}{chapter.7}% 107
\BOOKMARK [2][-]{subsection.7.1.1}{\376\377\000C\000a\000p\000a\000\040\000d\000e\000\040\000p\000r\000e\000s\000e\000n\000t\000a\000c\000i\000\363\000n}{section.7.1}% 108
\BOOKMARK [2][-]{subsection.7.1.2}{\376\377\000C\000a\000p\000a\000\040\000d\000e\000\040\000p\000r\000o\000c\000e\000s\000a\000m\000i\000e\000n\000t\000o\000\040\000c\000o\000n\000v\000e\000r\000s\000a\000c\000i\000o\000n\000a\000l}{section.7.1}% 109
\BOOKMARK [2][-]{subsection.7.1.3}{\376\377\000C\000a\000p\000a\000\040\000d\000e\000\040\000d\000a\000t\000o\000s}{section.7.1}% 110
\BOOKMARK [1][-]{section.7.2}{\376\377\000D\000i\000a\000g\000r\000a\000m\000a\000\040\000d\000e\000\040\000c\000o\000m\000p\000o\000n\000e\000n\000t\000e\000s}{chapter.7}% 111
\BOOKMARK [1][-]{section.7.3}{\376\377\000D\000i\000a\000g\000r\000a\000m\000a\000\040\000d\000e\000\040\000d\000e\000s\000p\000l\000i\000e\000g\000u\000e}{chapter.7}% 112
\BOOKMARK [2][-]{subsection.7.3.1}{\376\377\000N\000o\000d\000o\000s\000\040\000d\000e\000\040\000e\000j\000e\000c\000u\000c\000i\000\363\000n}{section.7.3}% 113
\BOOKMARK [2][-]{subsection.7.3.2}{\376\377\000P\000r\000o\000t\000o\000c\000o\000l\000o\000s\000\040\000d\000e\000\040\000c\000o\000m\000u\000n\000i\000c\000a\000c\000i\000\363\000n}{section.7.3}% 114
\BOOKMARK [1][-]{section.7.4}{\376\377\000D\000e\000c\000i\000s\000i\000o\000n\000e\000s\000\040\000d\000e\000\040\000d\000i\000s\000e\000\361\000o}{chapter.7}% 115
\BOOKMARK [2][-]{subsection.7.4.1}{\376\377\000T\000e\000x\000t\000-\000t\000o\000-\000S\000Q\000L\000\040\000c\000o\000n\000\040\000L\000L\000M\000\040\000e\000n\000\040\000l\000u\000g\000a\000r\000\040\000d\000e\000\040\000r\000e\000g\000l\000a\000s\000\040\000e\000s\000t\000\341\000t\000i\000c\000a\000s}{section.7.4}% 116
\BOOKMARK [2][-]{subsection.7.4.2}{\376\377\000G\000e\000m\000i\000n\000i\000\040\000c\000o\000m\000o\000\040\000s\000e\000r\000v\000i\000c\000i\000o\000\040\000p\000r\000i\000n\000c\000i\000p\000a\000l\000\040\000c\000o\000n\000\040\000O\000l\000l\000a\000m\000a\000\040\000c\000o\000m\000o\000\040\000a\000l\000t\000e\000r\000n\000a\000t\000i\000v\000a\000\040\000i\000n\000t\000e\000r\000c\000a\000m\000b\000i\000a\000b\000l\000e}{section.7.4}% 117
\BOOKMARK [2][-]{subsection.7.4.3}{\376\377\000E\000m\000b\000e\000d\000d\000i\000n\000g\000s\000\040\000d\000e\000\040\0002\0000\0000\0000\000\040\000d\000i\000m\000e\000n\000s\000i\000o\000n\000e\000s\000\040\000c\000o\000n\000\040\000H\000N\000S\000W}{section.7.4}% 118
\BOOKMARK [2][-]{subsection.7.4.4}{\376\377\000C\000h\000u\000n\000k\000i\000n\000g\000\040\000c\000o\000n\000\040\000s\000o\000l\000a\000p\000a\000m\000i\000e\000n\000t\000o\000\040\000p\000a\000r\000a\000\040\000p\000r\000e\000s\000e\000r\000v\000a\000r\000\040\000c\000o\000n\000t\000e\000x\000t\000o}{section.7.4}% 119
\BOOKMARK [2][-]{subsection.7.4.5}{\376\377\000B\000\372\000s\000q\000u\000e\000d\000a\000\040\000v\000e\000c\000t\000o\000r\000i\000a\000l\000\040\000c\000o\000n\000\040\000f\000a\000l\000l\000b\000a\000c\000k\000\040\000a\000\040\000b\000\372\000s\000q\000u\000e\000d\000a\000\040\000p\000o\000r\000\040\000p\000a\000l\000a\000b\000r\000a\000s\000\040\000c\000l\000a\000v\000e}{section.7.4}% 120
\BOOKMARK [2][-]{subsection.7.4.6}{\376\377\000F\000u\000z\000z\000y\000\040\000m\000a\000t\000c\000h\000i\000n\000g\000\040\000p\000a\000r\000a\000\040\000r\000e\000s\000o\000l\000u\000c\000i\000\363\000n\000\040\000d\000e\000\040\000n\000o\000m\000b\000r\000e\000s}{section.7.4}% 121
\BOOKMARK [2][-]{subsection.7.4.7}{\376\377\000S\000l\000o\000t\000s\000\040\000c\000o\000n\000v\000e\000r\000s\000a\000c\000i\000o\000n\000a\000l\000e\000s\000\040\000p\000a\000r\000a\000\040\000m\000e\000m\000o\000r\000i\000a\000\040\000d\000e\000\040\000c\000o\000n\000t\000e\000x\000t\000o}{section.7.4}% 122
\BOOKMARK [2][-]{subsection.7.4.8}{\376\377\000P\000i\000p\000e\000l\000i\000n\000e\000\040\000N\000L\000U\000\040\000c\000o\000n\000\040\000p\000r\000e\000e\000n\000t\000r\000e\000n\000o\000\040\000s\000p\000a\000C\000y\000\040\000y\000\040\000f\000e\000a\000t\000u\000r\000i\000z\000a\000c\000i\000\363\000n\000\040\000h\000\355\000b\000r\000i\000d\000a}{section.7.4}% 123
\BOOKMARK [2][-]{subsection.7.4.9}{\376\377\000H\000a\000s\000h\000\040\000S\000H\000A\000-\0002\0005\0006\000\040\000p\000a\000r\000a\000\040\000e\000v\000i\000t\000a\000r\000\040\000r\000e\000p\000r\000o\000c\000e\000s\000a\000m\000i\000e\000n\000t\000o\000\040\000d\000e\000\040\000d\000o\000c\000u\000m\000e\000n\000t\000o\000s}{section.7.4}% 124
\BOOKMARK [1][-]{section.7.5}{\376\377\000P\000a\000t\000r\000o\000n\000e\000s\000\040\000a\000r\000q\000u\000i\000t\000e\000c\000t\000\363\000n\000i\000c\000o\000s\000\040\000a\000p\000l\000i\000c\000a\000d\000o\000s}{chapter.7}% 125
\BOOKMARK [2][-]{subsection.7.5.1}{\376\377\000A\000r\000q\000u\000i\000t\000e\000c\000t\000u\000r\000a\000\040\000p\000o\000r\000\040\000c\000a\000p\000a\000s\000\040\000\050\000L\000a\000y\000e\000r\000e\000d\000\040\000A\000r\000c\000h\000i\000t\000e\000c\000t\000u\000r\000e\000\051}{section.7.5}% 126
\BOOKMARK [2][-]{subsection.7.5.2}{\376\377\000P\000a\000t\000r\000\363\000n\000\040\000A\000c\000t\000i\000o\000n\000\040\000S\000e\000r\000v\000e\000r\000\040\000\050\000m\000i\000c\000r\000o\000s\000e\000r\000v\000i\000c\000i\000o\000\040\000d\000e\000\040\000l\000\363\000g\000i\000c\000a\000\051}{section.7.5}% 127
\BOOKMARK [2][-]{subsection.7.5.3}{\376\377\000P\000a\000t\000r\000\363\000n\000\040\000S\000t\000r\000a\000t\000e\000g\000y\000\040\000p\000a\000r\000a\000\040\000c\000l\000i\000e\000n\000t\000e\000s\000\040\000L\000L\000M}{section.7.5}% 128
\BOOKMARK [2][-]{subsection.7.5.4}{\376\377\000P\000a\000t\000r\000\363\000n\000\040\000P\000i\000p\000e\000l\000i\000n\000e\000\040\000p\000a\000r\000a\000\040\000p\000r\000o\000c\000e\000s\000a\000m\000i\000e\000n\000t\000o\000\040\000R\000A\000G}{section.7.5}% 129
\BOOKMARK [2][-]{subsection.7.5.5}{\376\377\000P\000a\000t\000r\000\363\000n\000\040\000R\000e\000p\000o\000s\000i\000t\000o\000r\000y\000\040\000p\000a\000r\000a\000\040\000a\000c\000c\000e\000s\000o\000\040\000a\000\040\000d\000a\000t\000o\000s}{section.7.5}% 130
\BOOKMARK [0][-]{chapter.8}{\376\377\000M\000a\000r\000c\000o\000\040\000t\000e\000c\000n\000o\000l\000\363\000g\000i\000c\000o}{part.3}% 131
\BOOKMARK [1][-]{section.8.1}{\376\377\000T\000e\000c\000n\000o\000l\000o\000g\000\355\000a\000s\000\040\000d\000e\000\040\000p\000r\000o\000c\000e\000s\000a\000m\000i\000e\000n\000t\000o\000\040\000c\000o\000n\000v\000e\000r\000s\000a\000c\000i\000o\000n\000a\000l}{chapter.8}% 132
\BOOKMARK [2][-]{subsection.8.1.1}{\376\377\000R\000a\000s\000a\000\040\000F\000r\000a\000m\000e\000w\000o\000r\000k}{section.8.1}% 133
\BOOKMARK [2][-]{subsection.8.1.2}{\376\377\000P\000r\000o\000c\000e\000s\000a\000m\000i\000e\000n\000t\000o\000\040\000d\000e\000\040\000L\000e\000n\000g\000u\000a\000j\000e\000\040\000N\000a\000t\000u\000r\000a\000l}{section.8.1}% 134
\BOOKMARK [1][-]{section.8.2}{\376\377\000T\000e\000c\000n\000o\000l\000o\000g\000\355\000a\000s\000\040\000d\000e\000\040\000I\000n\000t\000e\000l\000i\000g\000e\000n\000c\000i\000a\000\040\000A\000r\000t\000i\000f\000i\000c\000i\000a\000l}{chapter.8}% 135
\BOOKMARK [2][-]{subsection.8.2.1}{\376\377\000G\000o\000o\000g\000l\000e\000\040\000G\000e\000m\000i\000n\000i\000\040\000c\000o\000m\000o\000\040\000m\000o\000d\000e\000l\000o\000\040\000d\000e\000\040\000l\000e\000n\000g\000u\000a\000j\000e\000\040\000p\000r\000i\000n\000c\000i\000p\000a\000l}{section.8.2}% 136
\BOOKMARK [2][-]{subsection.8.2.2}{\376\377\000O\000l\000l\000a\000m\000a\000\040\000c\000o\000m\000o\000\040\000a\000l\000t\000e\000r\000n\000a\000t\000i\000v\000a\000\040\000l\000o\000c\000a\000l\000\040\000o\000p\000c\000i\000o\000n\000a\000l}{section.8.2}% 137
\BOOKMARK [2][-]{subsection.8.2.3}{\376\377\000E\000m\000b\000e\000d\000d\000i\000n\000g\000s\000\040\000y\000\040\000b\000\372\000s\000q\000u\000e\000d\000a\000\040\000s\000e\000m\000\341\000n\000t\000i\000c\000a\000\040\000\050\000R\000A\000G\000\051}{section.8.2}% 138
\BOOKMARK [1][-]{section.8.3}{\376\377\000T\000e\000c\000n\000o\000l\000o\000g\000\355\000a\000s\000\040\000d\000e\000\040\000b\000a\000s\000e\000\040\000d\000e\000\040\000d\000a\000t\000o\000s}{chapter.8}% 139
\BOOKMARK [2][-]{subsection.8.3.1}{\376\377\000P\000o\000s\000t\000g\000r\000e\000S\000Q\000L\000\040\000y\000\040\000S\000u\000p\000a\000b\000a\000s\000e}{section.8.3}% 140
\BOOKMARK [2][-]{subsection.8.3.2}{\376\377\000p\000g\000v\000e\000c\000t\000o\000r}{section.8.3}% 141
\BOOKMARK [1][-]{section.8.4}{\376\377\000T\000e\000c\000n\000o\000l\000o\000g\000\355\000a\000s\000\040\000d\000e\000\040\000f\000r\000o\000n\000t\000e\000n\000d}{chapter.8}% 142
\BOOKMARK [2][-]{subsection.8.4.1}{\376\377\000W\000i\000d\000g\000e\000t\000\040\000d\000e\000\040\000c\000h\000a\000t}{section.8.4}% 143
\BOOKMARK [2][-]{subsection.8.4.2}{\376\377\000P\000a\000n\000e\000l\000\040\000d\000e\000\040\000a\000d\000m\000i\000n\000i\000s\000t\000r\000a\000c\000i\000\363\000n}{section.8.4}% 144
\BOOKMARK [2][-]{subsection.8.4.3}{\376\377\000S\000e\000r\000v\000i\000d\000o\000r\000\040\000w\000e\000b}{section.8.4}% 145
\BOOKMARK [1][-]{section.8.5}{\376\377\000H\000e\000r\000r\000a\000m\000i\000e\000n\000t\000a\000s\000\040\000d\000e\000\040\000d\000e\000s\000a\000r\000r\000o\000l\000l\000o}{chapter.8}% 146
\BOOKMARK [2][-]{subsection.8.5.1}{\376\377\000C\000o\000n\000t\000r\000o\000l\000\040\000d\000e\000\040\000v\000e\000r\000s\000i\000o\000n\000e\000s}{section.8.5}% 147
\BOOKMARK [2][-]{subsection.8.5.2}{\376\377\000G\000e\000s\000t\000i\000\363\000n\000\040\000d\000e\000\040\000d\000e\000p\000e\000n\000d\000e\000n\000c\000i\000a\000s}{section.8.5}% 148
\BOOKMARK [2][-]{subsection.8.5.3}{\376\377\000V\000a\000r\000i\000a\000b\000l\000e\000s\000\040\000d\000e\000\040\000e\000n\000t\000o\000r\000n\000o}{section.8.5}% 149
\BOOKMARK [1][-]{section.8.6}{\376\377\000C\000o\000n\000s\000i\000d\000e\000r\000a\000c\000i\000o\000n\000e\000s\000\040\000d\000e\000\040\000s\000e\000g\000u\000r\000i\000d\000a\000d}{chapter.8}% 150
\BOOKMARK [2][-]{subsection.8.6.1}{\376\377\000P\000r\000o\000t\000e\000c\000c\000i\000\363\000n\000\040\000d\000e\000\040\000d\000a\000t\000o\000s}{section.8.6}% 151
\BOOKMARK [2][-]{subsection.8.6.2}{\376\377\000V\000a\000l\000i\000d\000a\000c\000i\000\363\000n\000\040\000d\000e\000\040\000e\000n\000t\000r\000a\000d\000a}{section.8.6}% 152
\BOOKMARK [2][-]{subsection.8.6.3}{\376\377\000A\000i\000s\000l\000a\000m\000i\000e\000n\000t\000o\000\040\000d\000e\000l\000\040\000p\000r\000o\000v\000e\000e\000d\000o\000r\000\040\000d\000e\000\040\000L\000L\000M}{section.8.6}% 153
\BOOKMARK [1][-]{section.8.7}{\376\377\000S\000t\000a\000c\000k\000\040\000t\000e\000c\000n\000o\000l\000\363\000g\000i\000c\000o\000\040\000c\000o\000m\000p\000l\000e\000t\000o}{chapter.8}% 154
\BOOKMARK [0][-]{chapter.9}{\376\377\000E\000s\000t\000r\000u\000c\000t\000u\000r\000a\000\040\000d\000e\000l\000\040\000p\000r\000o\000y\000e\000c\000t\000o}{part.3}% 155
\BOOKMARK [1][-]{section.9.1}{\376\377\000V\000i\000s\000i\000\363\000n\000\040\000g\000e\000n\000e\000r\000a\000l\000\040\000d\000e\000l\000\040\000r\000e\000p\000o\000s\000i\000t\000o\000r\000i\000o}{chapter.9}% 156
\BOOKMARK [1][-]{section.9.2}{\376\377\000D\000i\000r\000e\000c\000t\000o\000r\000i\000o\000\040\000r\000a\000\355\000z}{chapter.9}% 157
\BOOKMARK [1][-]{section.9.3}{\376\377\000D\000i\000r\000e\000c\000t\000o\000r\000i\000o\000\040\000a\000c\000t\000i\000o\000n\000s\000/}{chapter.9}% 158
\BOOKMARK [2][-]{subsection.9.3.1}{\376\377\000O\000r\000g\000a\000n\000i\000z\000a\000c\000i\000\363\000n\000\040\000p\000o\000r\000\040\000\351\000p\000i\000c\000a\000s}{section.9.3}% 159
\BOOKMARK [2][-]{subsection.9.3.2}{\376\377\000S\000u\000b\000d\000i\000r\000e\000c\000t\000o\000r\000i\000o\000\040\000s\000h\000a\000r\000e\000d\000/}{section.9.3}% 160
\BOOKMARK [1][-]{section.9.4}{\376\377\000D\000i\000r\000e\000c\000t\000o\000r\000i\000o\000\040\000a\000d\000m\000i\000n\000/}{chapter.9}% 161
\BOOKMARK [1][-]{section.9.5}{\376\377\000D\000i\000r\000e\000c\000t\000o\000r\000i\000o\000\040\000r\000a\000g\000/}{chapter.9}% 162
\BOOKMARK [1][-]{section.9.6}{\376\377\000D\000i\000r\000e\000c\000t\000o\000r\000i\000o\000\040\000d\000a\000t\000a\000/}{chapter.9}% 163
\BOOKMARK [1][-]{section.9.7}{\376\377\000D\000i\000r\000e\000c\000t\000o\000r\000i\000o\000\040\000f\000r\000o\000n\000t\000e\000n\000d\000/}{chapter.9}% 164
\BOOKMARK [1][-]{section.9.8}{\376\377\000D\000i\000r\000e\000c\000t\000o\000r\000i\000o\000\040\000d\000o\000c\000k\000e\000r\000/}{chapter.9}% 165
\BOOKMARK [1][-]{section.9.9}{\376\377\000D\000i\000r\000e\000c\000t\000o\000r\000i\000o\000s\000\040\000t\000e\000s\000t\000s\000/\000\040\000y\000\040\000d\000o\000c\000s\000/}{chapter.9}% 166
\BOOKMARK [1][-]{section.9.10}{\376\377\000S\000e\000p\000a\000r\000a\000c\000i\000\363\000n\000\040\000d\000e\000\040\000r\000e\000s\000p\000o\000n\000s\000a\000b\000i\000l\000i\000d\000a\000d\000e\000s}{chapter.9}% 167
\BOOKMARK [0][-]{chapter.10}{\376\377\000E\000s\000t\000r\000u\000c\000t\000u\000r\000a\000\040\000d\000e\000\040\000l\000a\000\040\000b\000a\000s\000e\000\040\000d\000e\000\040\000d\000a\000t\000o\000s}{part.3}% 168
\BOOKMARK [1][-]{section.10.1}{\376\377\000D\000i\000s\000e\000\361\000o\000\040\000c\000o\000n\000c\000e\000p\000t\000u\000a\000l}{chapter.10}% 169
\BOOKMARK [2][-]{subsection.10.1.1}{\376\377\000P\000r\000i\000n\000c\000i\000p\000i\000o\000s\000\040\000d\000e\000\040\000d\000i\000s\000e\000\361\000o}{section.10.1}% 170
\BOOKMARK [1][-]{section.10.2}{\376\377\000M\000o\000d\000e\000l\000o\000\040\000e\000n\000t\000i\000d\000a\000d\000-\000r\000e\000l\000a\000c\000i\000\363\000n}{chapter.10}% 171
\BOOKMARK [1][-]{section.10.3}{\376\377\000E\000n\000t\000i\000d\000a\000d\000e\000s\000\040\000p\000r\000i\000n\000c\000i\000p\000a\000l\000e\000s}{chapter.10}% 172
\BOOKMARK [2][-]{subsection.10.3.1}{\376\377\000U\000n\000i\000v\000e\000r\000s\000i\000d\000a\000d\000e\000s}{section.10.3}% 173
\BOOKMARK [2][-]{subsection.10.3.2}{\376\377\000C\000e\000n\000t\000r\000o\000s}{section.10.3}% 174
\BOOKMARK [2][-]{subsection.10.3.3}{\376\377\000D\000e\000p\000a\000r\000t\000a\000m\000e\000n\000t\000o\000s}{section.10.3}% 175
\BOOKMARK [2][-]{subsection.10.3.4}{\376\377\000T\000i\000t\000u\000l\000a\000c\000i\000o\000n\000e\000s}{section.10.3}% 176
\BOOKMARK [2][-]{subsection.10.3.5}{\376\377\000A\000s\000i\000g\000n\000a\000t\000u\000r\000a\000s}{section.10.3}% 177
\BOOKMARK [2][-]{subsection.10.3.6}{\376\377\000P\000r\000o\000f\000e\000s\000o\000r\000e\000s}{section.10.3}% 178
\BOOKMARK [2][-]{subsection.10.3.7}{\376\377\000H\000o\000r\000a\000r\000i\000o\000s}{section.10.3}% 179
\BOOKMARK [1][-]{section.10.4}{\376\377\000T\000a\000b\000l\000a\000s\000\040\000d\000e\000\040\000v\000e\000c\000t\000o\000r\000i\000z\000a\000c\000i\000\363\000n\000\040\000\050\000R\000A\000G\000\051}{chapter.10}% 180
\BOOKMARK [2][-]{subsection.10.4.1}{\376\377\000P\000l\000a\000n\000e\000s\000\040\000d\000o\000c\000e\000n\000t\000e\000s}{section.10.4}% 181
\BOOKMARK [2][-]{subsection.10.4.2}{\376\377\000C\000h\000u\000n\000k\000s\000\040\000d\000e\000\040\000p\000l\000a\000n\000e\000s\000\040\000d\000o\000c\000e\000n\000t\000e\000s}{section.10.4}% 182
\BOOKMARK [1][-]{section.10.5}{\376\377\000R\000e\000l\000a\000c\000i\000o\000n\000e\000s\000\040\000e\000n\000t\000r\000e\000\040\000e\000n\000t\000i\000d\000a\000d\000e\000s}{chapter.10}% 183
\BOOKMARK [1][-]{section.10.6}{\376\377\000\315\000n\000d\000i\000c\000e\000s\000\040\000y\000\040\000o\000p\000t\000i\000m\000i\000z\000a\000c\000i\000\363\000n}{chapter.10}% 184
\BOOKMARK [1][-]{section.10.7}{\376\377\000I\000n\000t\000e\000g\000r\000i\000d\000a\000d\000\040\000r\000e\000f\000e\000r\000e\000n\000c\000i\000a\000l}{chapter.10}% 185
\BOOKMARK [1][-]{section.10.8}{\376\377\000E\000s\000t\000r\000a\000t\000e\000g\000i\000a\000\040\000d\000e\000\040\000d\000a\000t\000o\000s\000\040\000d\000e\000\040\000p\000r\000u\000e\000b\000a}{chapter.10}% 186
\BOOKMARK [0][-]{chapter.11}{\376\377\000I\000m\000p\000l\000e\000m\000e\000n\000t\000a\000c\000i\000\363\000n}{part.3}% 187
\BOOKMARK [1][-]{section.11.1}{\376\377\000A\000n\000a\000t\000o\000m\000\355\000a\000\040\000c\000o\000m\000\372\000n\000\040\000d\000e\000\040\000u\000n\000a\000\040\000c\000u\000s\000t\000o\000m\000\040\000a\000c\000t\000i\000o\000n}{chapter.11}% 188
\BOOKMARK [1][-]{section.11.2}{\376\377\000\311\000p\000i\000c\000a\000\040\000d\000e\000\040\000a\000s\000i\000g\000n\000a\000t\000u\000r\000a\000s}{chapter.11}% 189
\BOOKMARK [2][-]{subsection.11.2.1}{\376\377\000C\000o\000n\000s\000u\000l\000t\000a\000\040\000e\000s\000p\000e\000c\000\355\000f\000i\000c\000a\000\040\000d\000e\000\040\000a\000s\000i\000g\000n\000a\000t\000u\000r\000a}{section.11.2}% 190
\BOOKMARK [2][-]{subsection.11.2.2}{\376\377\000L\000i\000s\000t\000a\000d\000o\000\040\000y\000\040\000c\000o\000n\000t\000e\000o\000\040\000d\000e\000\040\000a\000s\000i\000g\000n\000a\000t\000u\000r\000a\000s}{section.11.2}% 191
\BOOKMARK [2][-]{subsection.11.2.3}{\376\377\000H\000o\000r\000a\000r\000i\000o\000\040\000p\000o\000r\000\040\000a\000s\000i\000g\000n\000a\000t\000u\000r\000a}{section.11.2}% 192
\BOOKMARK [1][-]{section.11.3}{\376\377\000\311\000p\000i\000c\000a\000\040\000d\000e\000\040\000p\000r\000o\000f\000e\000s\000o\000r\000e\000s}{chapter.11}% 193
\BOOKMARK [1][-]{section.11.4}{\376\377\000\311\000p\000i\000c\000a\000\040\000d\000e\000\040\000h\000o\000r\000a\000r\000i\000o\000s}{chapter.11}% 194
\BOOKMARK [1][-]{section.11.5}{\376\377\000\311\000p\000i\000c\000a\000\040\000d\000e\000\040\000c\000o\000n\000t\000e\000x\000t\000o\000\040\000a\000c\000a\000d\000\351\000m\000i\000c\000o}{chapter.11}% 195
\BOOKMARK [1][-]{section.11.6}{\376\377\000\311\000p\000i\000c\000a\000\040\000d\000e\000\040\000f\000a\000l\000l\000b\000a\000c\000k\000\040\000i\000n\000t\000e\000l\000i\000g\000e\000n\000t\000e}{chapter.11}% 196
\BOOKMARK [1][-]{section.11.7}{\376\377\000\311\000p\000i\000c\000a\000\040\000d\000e\000\040\000m\000u\000l\000t\000i\000-\000i\000n\000t\000e\000n\000t\000\040\000\050\000d\000e\000s\000a\000c\000t\000i\000v\000a\000d\000a\000\051}{chapter.11}% 197
\BOOKMARK [1][-]{section.11.8}{\376\377\000M\000\363\000d\000u\000l\000o\000s\000\040\000c\000o\000m\000p\000a\000r\000t\000i\000d\000o\000s}{chapter.11}% 198
\BOOKMARK [2][-]{subsection.11.8.1}{\376\377\000C\000l\000i\000e\000n\000t\000e\000\040\000d\000e\000\040\000G\000e\000m\000i\000n\000i}{section.11.8}% 199
\BOOKMARK [2][-]{subsection.11.8.2}{\376\377\000C\000o\000n\000e\000x\000i\000\363\000n\000\040\000a\000\040\000b\000a\000s\000e\000\040\000d\000e\000\040\000d\000a\000t\000o\000s}{section.11.8}% 200
\BOOKMARK [2][-]{subsection.11.8.3}{\376\377\000M\000a\000t\000c\000h\000i\000n\000g\000\040\000d\000i\000f\000u\000s\000o\000\040\000d\000e\000\040\000n\000o\000m\000b\000r\000e\000s}{section.11.8}% 201
\BOOKMARK [2][-]{subsection.11.8.4}{\376\377\000R\000e\000s\000o\000l\000u\000c\000i\000\363\000n\000\040\000d\000e\000\040\000a\000f\000i\000r\000m\000a\000c\000i\000\363\000n\000\040\000c\000o\000n\000\040\000i\000n\000y\000e\000c\000c\000i\000\363\000n\000\040\000d\000e\000\040\000e\000n\000t\000i\000d\000a\000d\000e\000s\000\040\000s\000i\000n\000t\000\351\000t\000i\000c\000a\000s}{section.11.8}% 202
\BOOKMARK [1][-]{section.11.9}{\376\377\000P\000i\000p\000e\000l\000i\000n\000e\000\040\000R\000A\000G\000:\000\040\000c\000h\000u\000n\000k\000i\000n\000g\000,\000\040\000e\000m\000b\000e\000d\000d\000i\000n\000g\000s\000\040\000y\000\040\000b\000\372\000s\000q\000u\000e\000d\000a}{chapter.11}% 203
\BOOKMARK [2][-]{subsection.11.9.1}{\376\377\000C\000h\000u\000n\000k\000i\000n\000g\000\040\000p\000o\000r\000\040\000s\000e\000c\000c\000i\000o\000n\000e\000s\000\040\000c\000o\000n\000\040\000d\000e\000d\000u\000p\000l\000i\000c\000a\000c\000i\000\363\000n\000\040\000d\000e\000\040\000c\000a\000b\000e\000c\000e\000r\000a\000s}{section.11.9}% 204
\BOOKMARK [2][-]{subsection.11.9.2}{\376\377\000E\000m\000b\000e\000d\000d\000i\000n\000g\000s\000\040\000c\000o\000n\000\040\000b\000a\000t\000c\000h\000i\000n\000g\000\040\000y\000\040\000r\000a\000t\000e\000\040\000l\000i\000m\000i\000t\000\040\000h\000a\000n\000d\000l\000i\000n\000g}{section.11.9}% 205
\BOOKMARK [2][-]{subsection.11.9.3}{\376\377\000B\000\372\000s\000q\000u\000e\000d\000a\000\040\000e\000n\000\040\000d\000o\000s\000\040\000f\000a\000s\000e\000s\000\040\000c\000o\000n\000\040\000r\000e\000r\000a\000n\000k\000i\000n\000g\000\040\000p\000o\000r\000\040\000s\000e\000c\000c\000i\000\363\000n}{section.11.9}% 206
\BOOKMARK [1][-]{section.11.10}{\376\377\000P\000a\000n\000e\000l\000\040\000d\000e\000\040\000a\000d\000m\000i\000n\000i\000s\000t\000r\000a\000c\000i\000\363\000n}{chapter.11}% 207
\BOOKMARK [2][-]{subsection.11.10.1}{\376\377\000E\000s\000t\000r\000u\000c\000t\000u\000r\000a\000\040\000d\000e\000\040\000l\000a\000\040\000A\000P\000I}{section.11.10}% 208
\BOOKMARK [2][-]{subsection.11.10.2}{\376\377\000O\000p\000e\000r\000a\000c\000i\000o\000n\000e\000s\000\040\000d\000e\000l\000\040\000p\000a\000n\000e\000l}{section.11.10}% 209
\BOOKMARK [2][-]{subsection.11.10.3}{\376\377\000P\000i\000p\000e\000l\000i\000n\000e\000\040\000d\000e\000\040\000v\000e\000c\000t\000o\000r\000i\000z\000a\000c\000i\000\363\000n}{section.11.10}% 210
\BOOKMARK [-1][-]{part.4}{\376\377\000I\000V\000\040\000V\000a\000l\000i\000d\000a\000c\000i\000\363\000n\000\040\000y\000\040\000C\000i\000e\000r\000r\000e}{}% 211
\BOOKMARK [0][-]{chapter.12}{\376\377\000P\000r\000u\000e\000b\000a\000s\000\040\000y\000\040\000V\000a\000l\000i\000d\000a\000c\000i\000\363\000n}{part.4}% 212
\BOOKMARK [1][-]{section.12.1}{\376\377\000E\000s\000t\000r\000a\000t\000e\000g\000i\000a\000\040\000g\000e\000n\000e\000r\000a\000l}{chapter.12}% 213
\BOOKMARK [2][-]{subsection.12.1.1}{\376\377\000M\000a\000r\000c\000o\000\040\000m\000e\000t\000o\000d\000o\000l\000\363\000g\000i\000c\000o}{section.12.1}% 214
\BOOKMARK [2][-]{subsection.12.1.2}{\376\377\000P\000o\000l\000\355\000t\000i\000c\000a\000\040\000d\000e\000\040\000e\000x\000c\000l\000u\000s\000i\000\363\000n\000\040\000p\000o\000r\000\040\000t\000r\000a\000b\000a\000j\000o\000\040\000f\000u\000t\000u\000r\000o}{section.12.1}% 215
\BOOKMARK [2][-]{subsection.12.1.3}{\376\377\000E\000j\000e\000c\000u\000c\000i\000\363\000n\000\040\000y\000\040\000r\000e\000g\000i\000s\000t\000r\000o}{section.12.1}% 216
\BOOKMARK [1][-]{section.12.2}{\376\377\000E\000j\000e\000c\000u\000c\000i\000\363\000n\000\040\000f\000u\000n\000c\000i\000o\000n\000a\000l\000\040\000e\000x\000t\000r\000e\000m\000o\000\040\000a\000\040\000e\000x\000t\000r\000e\000m\000o}{chapter.12}% 217
\BOOKMARK [2][-]{subsection.12.2.1}{\376\377\000A\000l\000c\000a\000n\000c\000e}{section.12.2}% 218
\BOOKMARK [2][-]{subsection.12.2.2}{\376\377\000L\000e\000c\000t\000u\000r\000a\000\040\000f\000r\000e\000n\000t\000e\000\040\000a\000\040\000l\000a\000\040\000l\000i\000t\000e\000r\000a\000t\000u\000r\000a}{section.12.2}% 219
\BOOKMARK [1][-]{section.12.3}{\376\377\000R\000e\000c\000u\000p\000e\000r\000a\000c\000i\000\363\000n\000\040\000a\000u\000m\000e\000n\000t\000a\000d\000a\000\040\000p\000o\000r\000\040\000g\000e\000n\000e\000r\000a\000c\000i\000\363\000n}{chapter.12}% 220
\BOOKMARK [2][-]{subsection.12.3.1}{\376\377\000C\000a\000p\000a\000\040\000b\000a\000s\000e\000l\000i\000n\000e}{section.12.3}% 221
\BOOKMARK [2][-]{subsection.12.3.2}{\376\377\000C\000a\000p\000a\000\040\000d\000e\000\040\000p\000r\000o\000f\000u\000n\000d\000i\000d\000a\000d}{section.12.3}% 222
\BOOKMARK [1][-]{section.12.4}{\376\377\000C\000l\000a\000s\000i\000f\000i\000c\000a\000c\000i\000\363\000n\000\040\000N\000L\000U\000\040\000y\000\040\000p\000o\000l\000\355\000t\000i\000c\000a\000\040\000d\000e\000\040\000d\000i\000\341\000l\000o\000g\000o}{chapter.12}% 223
\BOOKMARK [1][-]{section.12.5}{\376\377\000R\000e\000p\000r\000o\000d\000u\000c\000c\000i\000\363\000n\000\040\000d\000e\000\040\000t\000r\000\341\000f\000i\000c\000o\000\040\000r\000e\000a\000l\000\040\000t\000r\000a\000s\000\040\000e\000l\000\040\000d\000e\000s\000p\000l\000i\000e\000g\000u\000e}{chapter.12}% 224
\BOOKMARK [2][-]{subsection.12.5.1}{\376\377\000M\000e\000t\000o\000d\000o\000l\000o\000g\000\355\000a\000\040\000d\000e\000\040\000r\000e\000v\000i\000s\000i\000\363\000n}{section.12.5}% 225
\BOOKMARK [2][-]{subsection.12.5.2}{\376\377\000R\000e\000s\000u\000l\000t\000a\000d\000o\000s}{section.12.5}% 226
\BOOKMARK [1][-]{section.12.6}{\376\377\000A\000n\000\341\000l\000i\000s\000i\000s\000\040\000d\000e\000\040\000l\000o\000s\000\040\000c\000a\000s\000o\000s\000\040\000f\000a\000l\000l\000i\000d\000o\000s}{chapter.12}% 227
\BOOKMARK [1][-]{section.12.7}{\376\377\000M\000\351\000t\000r\000i\000c\000a\000s\000\040\000n\000o\000\040\000f\000u\000n\000c\000i\000o\000n\000a\000l\000e\000s\000:\000\040\000l\000a\000t\000e\000n\000c\000i\000a\000\040\000y\000\040\000c\000o\000s\000t\000e}{chapter.12}% 228
\BOOKMARK [2][-]{subsection.12.7.1}{\376\377\000L\000a\000t\000e\000n\000c\000i\000a}{section.12.7}% 229
\BOOKMARK [2][-]{subsection.12.7.2}{\376\377\000C\000o\000s\000t\000e\000\040\000p\000o\000r\000\040\000t\000u\000r\000n\000o}{section.12.7}% 230
\BOOKMARK [1][-]{section.12.8}{\376\377\000V\000i\000s\000i\000\363\000n\000\040\000i\000n\000t\000e\000g\000r\000a\000d\000a\000\040\000y\000\040\000d\000i\000s\000c\000u\000s\000i\000\363\000n}{chapter.12}% 231
\BOOKMARK [2][-]{subsection.12.8.1}{\376\377\000C\000u\000m\000p\000l\000i\000m\000i\000e\000n\000t\000o\000\040\000d\000e\000l\000\040\000c\000r\000i\000t\000e\000r\000i\000o\000\040\000d\000e\000\040\000c\000i\000e\000r\000r\000e}{section.12.8}% 232
\BOOKMARK [2][-]{subsection.12.8.2}{\376\377\000A\000m\000e\000n\000a\000z\000a\000s\000\040\000a\000\040\000l\000a\000\040\000v\000a\000l\000i\000d\000e\000z}{section.12.8}% 233
\BOOKMARK [2][-]{subsection.12.8.3}{\376\377\000L\000i\000m\000i\000t\000a\000c\000i\000o\000n\000e\000s\000\040\000y\000\040\000t\000r\000a\000b\000a\000j\000o\000\040\000f\000u\000t\000u\000r\000o}{section.12.8}% 234
\BOOKMARK [1][-]{section.12.9}{\376\377\000P\000r\000u\000e\000b\000a\000s\000\040\000a\000u\000t\000o\000m\000a\000t\000i\000z\000a\000d\000a\000s\000\040\000d\000e\000l\000\040\000p\000a\000n\000e\000l\000\040\000d\000e\000\040\000a\000d\000m\000i\000n\000i\000s\000t\000r\000a\000c\000i\000\363\000n}{chapter.12}% 235
\BOOKMARK [2][-]{subsection.12.9.1}{\376\377\000R\000e\000s\000u\000l\000t\000a\000d\000o\000s}{section.12.9}% 236
\BOOKMARK [0][-]{chapter.13}{\376\377\000M\000a\000n\000u\000a\000l\000e\000s}{part.4}% 237
\BOOKMARK [1][-]{section.13.1}{\376\377\000M\000a\000n\000u\000a\000l\000\040\000d\000e\000\040\000u\000s\000u\000a\000r\000i\000o}{chapter.13}% 238
\BOOKMARK [2][-]{subsection.13.1.1}{\376\377\000A\000c\000c\000e\000s\000o\000\040\000a\000\040\000l\000a\000\040\000a\000p\000l\000i\000c\000a\000c\000i\000\363\000n}{section.13.1}% 239
\BOOKMARK [2][-]{subsection.13.1.2}{\376\377\000M\000o\000d\000e\000l\000o\000\040\000c\000o\000n\000v\000e\000r\000s\000a\000c\000i\000o\000n\000a\000l}{section.13.1}% 240
\BOOKMARK [2][-]{subsection.13.1.3}{\376\377\000F\000u\000n\000c\000i\000o\000n\000a\000l\000i\000d\000a\000d\000e\000s\000\040\000d\000i\000s\000p\000o\000n\000i\000b\000l\000e\000s}{section.13.1}% 241
\BOOKMARK [2][-]{subsection.13.1.4}{\376\377\000R\000e\000c\000o\000m\000e\000n\000d\000a\000c\000i\000o\000n\000e\000s\000\040\000d\000e\000\040\000u\000s\000o}{section.13.1}% 242
\BOOKMARK [1][-]{section.13.2}{\376\377\000M\000a\000n\000u\000a\000l\000\040\000d\000e\000\040\000a\000d\000m\000i\000n\000i\000s\000t\000r\000a\000d\000o\000r}{chapter.13}% 243
\BOOKMARK [2][-]{subsection.13.2.1}{\376\377\000A\000c\000c\000e\000s\000o\000\040\000e\000\040\000i\000n\000t\000e\000r\000f\000a\000z\000\040\000g\000e\000n\000e\000r\000a\000l}{section.13.2}% 244
\BOOKMARK [2][-]{subsection.13.2.2}{\376\377\000P\000e\000s\000t\000a\000\361\000a\000\040\000C\000e\000n\000t\000r\000o\000s}{section.13.2}% 245
\BOOKMARK [2][-]{subsection.13.2.3}{\376\377\000P\000e\000s\000t\000a\000\361\000a\000\040\000A\000s\000i\000g\000n\000a\000t\000u\000r\000a\000s}{section.13.2}% 246
\BOOKMARK [2][-]{subsection.13.2.4}{\376\377\000P\000e\000s\000t\000a\000\361\000a\000\040\000P\000r\000o\000f\000e\000s\000o\000r\000e\000s}{section.13.2}% 247
\BOOKMARK [2][-]{subsection.13.2.5}{\376\377\000P\000e\000s\000t\000a\000\361\000a\000\040\000H\000o\000r\000a\000r\000i\000o\000s}{section.13.2}% 248
\BOOKMARK [2][-]{subsection.13.2.6}{\376\377\000P\000e\000s\000t\000a\000\361\000a\000\040\000C\000o\000n\000v\000e\000r\000s\000a\000c\000i\000o\000n\000e\000s\000\040\000y\000\040\000f\000e\000e\000d\000b\000a\000c\000k}{section.13.2}% 249
\BOOKMARK [2][-]{subsection.13.2.7}{\376\377\000P\000e\000s\000t\000a\000\361\000a\000\040\000E\000s\000t\000a\000d\000\355\000s\000t\000i\000c\000a\000s}{section.13.2}% 250
\BOOKMARK [2][-]{subsection.13.2.8}{\376\377\000P\000r\000o\000c\000e\000d\000i\000m\000i\000e\000n\000t\000o\000\040\000r\000e\000c\000o\000m\000e\000n\000d\000a\000d\000o\000\040\000d\000e\000\040\000c\000a\000r\000g\000a\000\040\000i\000n\000i\000c\000i\000a\000l}{section.13.2}% 251
\BOOKMARK [1][-]{section.13.3}{\376\377\000M\000a\000n\000u\000a\000l\000\040\000d\000e\000\040\000d\000e\000s\000p\000l\000i\000e\000g\000u\000e}{chapter.13}% 252
\BOOKMARK [2][-]{subsection.13.3.1}{\376\377\000R\000e\000q\000u\000i\000s\000i\000t\000o\000s\000\040\000p\000r\000e\000v\000i\000o\000s}{section.13.3}% 253
\BOOKMARK [2][-]{subsection.13.3.2}{\376\377\000I\000n\000s\000t\000a\000l\000a\000c\000i\000\363\000n}{section.13.3}% 254
\BOOKMARK [2][-]{subsection.13.3.3}{\376\377\000A\000r\000q\000u\000i\000t\000e\000c\000t\000u\000r\000a\000\040\000d\000e\000l\000\040\000d\000e\000s\000p\000l\000i\000e\000g\000u\000e}{section.13.3}% 255
\BOOKMARK [2][-]{subsection.13.3.4}{\376\377\000V\000e\000r\000i\000f\000i\000c\000a\000c\000i\000\363\000n\000\040\000d\000e\000l\000\040\000d\000e\000s\000p\000l\000i\000e\000g\000u\000e}{section.13.3}% 256
\BOOKMARK [2][-]{subsection.13.3.5}{\376\377\000O\000p\000e\000r\000a\000c\000i\000o\000n\000e\000s\000\040\000h\000a\000b\000i\000t\000u\000a\000l\000e\000s}{section.13.3}% 257
\BOOKMARK [1][-]{section.13.4}{\376\377\000M\000a\000n\000u\000a\000l\000\040\000d\000e\000\040\000d\000e\000s\000a\000r\000r\000o\000l\000l\000o}{chapter.13}% 258
\BOOKMARK [2][-]{subsection.13.4.1}{\376\377\000E\000s\000t\000r\000u\000c\000t\000u\000r\000a\000\040\000d\000e\000l\000\040\000r\000e\000p\000o\000s\000i\000t\000o\000r\000i\000o}{section.13.4}% 259
\BOOKMARK [2][-]{subsection.13.4.2}{\376\377\000E\000n\000t\000o\000r\000n\000o\000\040\000d\000e\000\040\000d\000e\000s\000a\000r\000r\000o\000l\000l\000o}{section.13.4}% 260
\BOOKMARK [2][-]{subsection.13.4.3}{\376\377\000C\000i\000c\000l\000o\000\040\000d\000e\000\040\000i\000n\000c\000o\000r\000p\000o\000r\000a\000c\000i\000\363\000n\000\040\000d\000e\000\040\000c\000a\000m\000b\000i\000o\000s}{section.13.4}% 261
\BOOKMARK [2][-]{subsection.13.4.4}{\376\377\000C\000\363\000m\000o\000\040\000a\000\361\000a\000d\000i\000r\000\040\000u\000n\000a\000\040\000n\000u\000e\000v\000a\000\040\000i\000n\000t\000e\000n\000c\000i\000\363\000n}{section.13.4}% 262
\BOOKMARK [2][-]{subsection.13.4.5}{\376\377\000B\000u\000e\000n\000a\000s\000\040\000p\000r\000\341\000c\000t\000i\000c\000a\000s\000\040\000y\000\040\000c\000o\000n\000v\000e\000n\000c\000i\000o\000n\000e\000s}{section.13.4}% 263
\BOOKMARK [0][-]{chapter.14}{\376\377\000C\000o\000n\000c\000l\000u\000s\000i\000o\000n\000e\000s\000\040\000y\000\040\000d\000e\000s\000a\000r\000r\000o\000l\000l\000o\000s\000\040\000f\000u\000t\000u\000r\000o\000s}{part.4}% 264
\BOOKMARK [1][-]{section.14.1}{\376\377\000L\000i\000n\000c\000e\000u\000s\000\040\000e\000n\000\040\000n\000\372\000m\000e\000r\000o\000s}{chapter.14}% 265
\BOOKMARK [1][-]{section.14.2}{\376\377\000C\000u\000m\000p\000l\000i\000m\000i\000e\000n\000t\000o\000\040\000d\000e\000\040\000o\000b\000j\000e\000t\000i\000v\000o\000s}{chapter.14}% 266
\BOOKMARK [2][-]{subsection.14.2.1}{\376\377\000O\000b\000j\000e\000t\000i\000v\000o\000\040\000g\000e\000n\000e\000r\000a\000l}{section.14.2}% 267
\BOOKMARK [2][-]{subsection.14.2.2}{\376\377\000O\000b\000j\000e\000t\000i\000v\000o\000s\000\040\000t\000\351\000c\000n\000i\000c\000o\000s}{section.14.2}% 268
\BOOKMARK [2][-]{subsection.14.2.3}{\376\377\000O\000b\000j\000e\000t\000i\000v\000o\000s\000\040\000a\000c\000a\000d\000\351\000m\000i\000c\000o\000s\000\040\000y\000\040\000p\000e\000r\000s\000o\000n\000a\000l\000e\000s}{section.14.2}% 269
\BOOKMARK [1][-]{section.14.3}{\376\377\000L\000e\000c\000c\000i\000o\000n\000e\000s\000\040\000a\000p\000r\000e\000n\000d\000i\000d\000a\000s}{chapter.14}% 270
\BOOKMARK [1][-]{section.14.4}{\376\377\000A\000n\000\341\000l\000i\000s\000i\000s\000\040\000d\000e\000\040\000d\000e\000s\000v\000i\000a\000c\000i\000\363\000n}{chapter.14}% 271
\BOOKMARK [1][-]{section.14.5}{\376\377\000D\000e\000s\000a\000r\000r\000o\000l\000l\000o\000s\000\040\000f\000u\000t\000u\000r\000o\000s}{chapter.14}% 272
\BOOKMARK [2][-]{subsection.14.5.1}{\376\377\000O\000p\000t\000i\000m\000i\000z\000a\000c\000i\000\363\000n\000\040\000d\000e\000l\000\040\000s\000i\000s\000t\000e\000m\000a\000\040\000a\000c\000t\000u\000a\000l}{section.14.5}% 273
\BOOKMARK [2][-]{subsection.14.5.2}{\376\377\000A\000m\000p\000l\000i\000a\000c\000i\000\363\000n\000\040\000f\000u\000n\000c\000i\000o\000n\000a\000l}{section.14.5}% 274
\BOOKMARK [2][-]{subsection.14.5.3}{\376\377\000V\000a\000l\000i\000d\000a\000c\000i\000\363\000n\000\040\000r\000e\000f\000o\000r\000z\000a\000d\000a}{section.14.5}% 275
\BOOKMARK [1][-]{section.14.6}{\376\377\000C\000o\000n\000t\000r\000i\000b\000u\000c\000i\000\363\000n\000\040\000a\000l\000\040\000e\000s\000t\000a\000d\000o\000\040\000d\000e\000l\000\040\000a\000r\000t\000e}{chapter.14}% 276
\BOOKMARK [1][-]{section.14.7}{\376\377\000C\000o\000n\000s\000i\000d\000e\000r\000a\000c\000i\000o\000n\000e\000s\000\040\000\351\000t\000i\000c\000a\000s}{chapter.14}% 277
\BOOKMARK [1][-]{section.14.8}{\376\377\000R\000e\000f\000l\000e\000x\000i\000\363\000n\000\040\000f\000i\000n\000a\000l}{chapter.14}% 278
\BOOKMARK [0][-]{chapter.15}{\376\377\000U\000s\000o\000\040\000d\000e\000\040\000I\000n\000t\000e\000l\000i\000g\000e\000n\000c\000i\000a\000\040\000A\000r\000t\000i\000f\000i\000c\000i\000a\000l}{part.4}% 279
\BOOKMARK [1][-]{section.15.1}{\376\377\000H\000e\000r\000r\000a\000m\000i\000e\000n\000t\000a\000s\000\040\000u\000t\000i\000l\000i\000z\000a\000d\000a\000s}{chapter.15}% 280
\BOOKMARK [1][-]{section.15.2}{\376\377\000U\000s\000o\000\040\000d\000e\000\040\000I\000A\000\040\000e\000n\000\040\000e\000l\000\040\000d\000e\000s\000a\000r\000r\000o\000l\000l\000o\000\040\000d\000e\000l\000\040\000c\000\363\000d\000i\000g\000o}{chapter.15}% 281
\BOOKMARK [1][-]{section.15.3}{\376\377\000U\000s\000o\000\040\000d\000e\000\040\000I\000A\000\040\000e\000n\000\040\000l\000a\000\040\000r\000e\000d\000a\000c\000c\000i\000\363\000n\000\040\000d\000e\000\040\000l\000a\000\040\000m\000e\000m\000o\000r\000i\000a}{chapter.15}% 282
\BOOKMARK [1][-]{section.15.4}{\376\377\000L\000i\000m\000i\000t\000a\000c\000i\000o\000n\000e\000s\000\040\000y\000\040\000r\000e\000s\000p\000o\000n\000s\000a\000b\000i\000l\000i\000d\000a\000d\000\040\000d\000e\000l\000\040\000a\000u\000t\000o\000r}{chapter.15}% 283
\BOOKMARK [0][-]{chapter.16}{\376\377\000V\000\355\000d\000e\000o\000\040\000d\000e\000m\000o\000s\000t\000r\000a\000c\000i\000\363\000n}{part.4}% 284
\BOOKMARK [1][-]{section.16.1}{\376\377\000V\000\355\000d\000e\000o\000\040\000d\000e\000m\000o\000s\000t\000r\000a\000c\000i\000\363\000n}{chapter.16}% 285
\BOOKMARK [2][-]{subsection.16.1.1}{\376\377\000E\000s\000t\000r\000u\000c\000t\000u\000r\000a\000\040\000d\000e\000l\000\040\000v\000\355\000d\000e\000o}{section.16.1}% 286
\BOOKMARK [2][-]{subsection.16.1.2}{\376\377\000N\000o\000t\000a\000s\000\040\000s\000o\000b\000r\000e\000\040\000l\000a\000\040\000p\000r\000o\000d\000u\000c\000c\000i\000\363\000n}{section.16.1}% 287
\BOOKMARK [0][-]{appendix*.101}{\376\377\000A\000p\000\351\000n\000d\000i\000c\000e\000s}{part.4}% 288
\BOOKMARK [1][-]{section.Alph0.1}{\376\377\000A\000c\000t\000a\000s\000\040\000d\000e\000\040\000r\000e\000u\000n\000i\000o\000n\000e\000s\000\040\000c\000o\000n\000\040\000e\000l\000\040\000t\000u\000t\000o\000r}{appendix*.101}% 289
\BOOKMARK [1][-]{section.Alph0.2}{\376\377\000I\000n\000f\000o\000r\000m\000e\000\040\000d\000e\000\040\000t\000i\000e\000m\000p\000o\000\040\000i\000n\000v\000e\000r\000t\000i\000d\000o}{appendix*.101}% 290
\BOOKMARK [0][-]{section*.103}{\376\377\000B\000i\000b\000l\000i\000o\000g\000r\000a\000f\000\355\000a}{part.4}% 291
